HS Navigator - School Data Builder
Sources: NYC-SIFT + NYC Open Data (DOE)
Both are public domain / open data. Safe to use with attribution.

Fetching school list from NYC-SIFT...
  Found 457 schools from NYC-SIFT
Fetching DOE High School Directory from NYC Open Data...
  Found 427 records from DOE Open Data
Merging data sources and fetching school details...
  [1/457] Orchard Collegiate Academy
  [2/457] School for Global Leaders
  [3/457] University Neighborhood High School
  [4/457] East Side Community School
  [5/457] Forsyth Satellite Academy
  [6/457] Lower East Side Preparatory High School
  [7/457] New Explorations into Science, Technology and Math
  [8/457] Bard High School Early College
  [9/457] 47 The American Sign Language and English Secondar
  [10/457] Urban Assembly School for Emergency Management, Th
  [11/457] Stephen T. Mather Building Arts & Craftsmanship Hi
  [12/457] The Clinton School
  [13/457] Manhattan Early College School for Advertising
  [14/457] Urban Assembly Maker Academy
  [15/457] Food and Finance High School
  [16/457] Essex Street Academy
  [17/457] High School of Hospitality Management
  [18/457] Pace High School
  [19/457] Urban Assembly School of Design and Construction, 
  [20/457] Facing History School, The
  [21/457] Urban Assembly Academy of Government and Law, The
  [22/457] Lower Manhattan Arts Academy
  [23/457] James Baldwin School, The
  [24/457] Urban Assembly School of Business for Young Women,
  [25/457] Gramercy Arts High School
  [26/457] NYC iSchool
  [27/457] Manhattan Business Academy
  [28/457] Business of Sports School
  [29/457] Emma Lazarus High School for English Language Scho
  [30/457] A School Without Walls: Hybrid Pathway
  [31/457] High School for Language and Diplomacy, The
  [32/457] High School for Environmental Studies
  [33/457] Institute for Collaborative Education
  [34/457] Professional Performing Arts High School
  [35/457] Baruch College Campus High School
  [36/457] N.Y.C. Lab School for Collaborative Studies
  [37/457] School of the Future High School
  [38/457] N.Y.C. Museum School
  [39/457] Eleanor Roosevelt High School
  [40/457] Millennium High School
  [41/457] Landmark High School
  [42/457] High School for Health Professions and Human Servi
  [43/457] Quest to Learn
  [44/457] Leadership and Public Service High School
  [45/457] Manhattan Academy for Arts & Language
  [46/457] Murray Hill Academy
  [47/457] Hudson High School of Learning Technologies
  [48/457] International High School at Union Square
  [49/457] Manhattan Village Academy
  [50/457] Vanguard High School
  [51/457] Manhattan International High School
  [52/457] Stuyvesant High School
  [53/457] High School of Economics and Finance
  [54/457] Unity Center for Urban Technologies
  [55/457] Urban Assembly Gateway School for Technology
  [56/457] Talent Unlimited High School
  [57/457] Murry Bergtraum High School for Business Careers
  [58/457] Jacqueline Kennedy Onassis High School
  [59/457] Repertory Company High School for Theatre Arts
  [60/457] Union Square Academy for Health Sciences
  [61/457] Harvest Collegiate High School
  [62/457] Manhattan Bridges High School
  [63/457] New Design High School
  [64/457] Independence High School
  [65/457] High School for Dual Language and Asian Studies
  [66/457] Academy for Software Engineering
  [67/457] Liberty High School Academy for Newcomers
  [68/457] Urban Assembly New York Harbor School
  [69/457] City-As-School
  [70/457] Richard R. Green High School of Teaching
  [71/457] Harvey Milk High School
  [72/457] High School of Fashion Industries, The
  [73/457] Humanities Preparatory Academy
  [74/457] Chelsea Career and Technical Education High School
  [75/457] Art and Design High School
  [76/457] High School For Climate Justice
  [77/457] West End Secondary School
  [78/457] Maxine Greene High School for Imaginative Inquiry,
  [79/457] Urban Assembly School for Media Studies, The
  [80/457] Urban Assembly School for Green Careers, The
  [81/457] Global Learning Collaborative, The
  [82/457] Wadleigh Secondary School for the Performing & Vis
  [83/457] Frank McCourt High School
  [84/457] Beacon High School
  [85/457] Fiorello H. LaGuardia High School of Music & Art a
  [86/457] High School for Law, Advocacy and Community Justic
  [87/457] High School of Arts and Technology
  [88/457] Manhattan / Hunter Science High School
  [89/457] Young Women's Leadership School of Manhattan
  [90/457] Special Music School
  [91/457] Frederick Douglass Academy II Secondary School
  [92/457] Mott Hall II
  [93/457] Esperanza Preparatory Academy
  [94/457] Manhattan Center for Science and Mathematics
  [95/457] Park East High School
  [96/457] Edward A Reynolds Westside HS
  [97/457] Central Park East High School
  [98/457] Heritage School, The
  [99/457] Eagle Academy for Young Men of Harlem
  [100/457] Urban Assembly School for Global Commerce, The
  [101/457] Mott Hall High School
  [102/457] Columbia Secondary School
  [103/457] Urban Assembly School for the Performing Arts
  [104/457] Frederick Douglass Academy
  [105/457] Thurgood Marshall Academy for Learning and Social 
  [106/457] High School for Math, Science and Engineering at C
  [107/457] Inwood Early College for Health and Information Te
  [108/457] City College Academy of the Arts
  [109/457] Community Health Academy of the Heights
  [110/457] Washington Heights Expeditionary Learning School
  [111/457] High School for Excellence and Innovation
  [112/457] College Academy, The
  [113/457] High School for Media and Communications
  [114/457] High School for Law and Public Service
  [115/457] High School for Health Careers and Sciences
  [116/457] A. Philip Randolph Campus High School
  [117/457] Gregorio Luperon High School for Science and Mathe
  [118/457] South Bronx Preparatory: A College Board School
  [119/457] Laboratory School of Finance and Technology, The
  [120/457] H.E.R.O. High
  [121/457] International Community High School
  [122/457] Community School for Social Justice
  [123/457] Mott Haven Village Preparatory High School
  [124/457] University Heights Secondary School
  [125/457] Hostos-Lincoln Academy of Science
  [126/457] Bronx Design and Construction Academy
  [127/457] Bronx Leadership Academy II High School
  [128/457] Careers in Sports High School
  [129/457] Urban Assembly Bronx Academy of Letters, The
  [130/457] Alfred E. Smith Career and Technical Education Hig
  [131/457] Bronx Legacy High School
  [132/457] Health Opportunities High School
  [133/457] Bronx Studio School for Writers and Artists
  [134/457] Women's Academy of Excellence
  [135/457] Renaissance High School for Musical Theater and th
  [136/457] Millennium Art Academy
  [137/457] Pelham Lab High School
  [138/457] Schuylerville Preparatory High School
  [139/457] Bronx River High School
  [140/457] Archimedes Academy for Math, Science and Technolog
  [141/457] Antonia Pantoja Preparatory Academy: A College Boa
  [142/457] Herbert H. Lehman High School
  [143/457] Bronx Bridges High School
  [144/457] Gotham Collaborative High School
  [145/457] Longwood Preparatory Academy
  [146/457] Bronx Arena High School
  [147/457] Westchester Square Academy
  [148/457] Bronx Compass High School
  [149/457] A School Without Walls: Virtual High School Progra
  [150/457] Bronx Collegiate Academy
  [151/457] Eagle Academy for Young Men
  [152/457] Urban Assembly School for Applied Math and Science
  [153/457] Eximius College Preparatory Academy: A College Boa
  [154/457] Mott Hall Bronx High School
  [155/457] Bronx Center for Science and Mathematics
  [156/457] Validus Preparatory Academy
  [157/457] Morris Academy for Collaborative Studies
  [158/457] Bronx Early College Academy for Teaching & Learnin
  [159/457] Comprehensive Model School Project M.S. 327
  [160/457] Dreamyard Preparatory School
  [161/457] New Directions Secondary School
  [162/457] Academy for Language and Technology
  [163/457] Bronx International High School
  [164/457] School for Excellence
  [165/457] Bronx High School of Business
  [166/457] Bronx High School for Medical Science
  [167/457] Bronx School for Law, Government and Justice
  [168/457] Frederick Douglass Academy III Secondary School
  [169/457] Bronx Leadership Academy High School
  [170/457] High School for Violin and Dance
  [171/457] Claremont International High School
  [172/457] Young Women's Leadership School of the Bronx
  [173/457] Riverdale / Kingsbridge Academy
  [174/457] Bronx Engineering and Technology Academy
  [175/457] Theatre Arts Production Company School
  [176/457] Jonas Bronck Academy
  [177/457] Marie Curie School for Medicine, Nursing, and Heal
  [178/457] West Bronx Academy for the Future
  [179/457] Bronx Academy for Software Engineering
  [180/457] Kingsbridge International High School
  [181/457] Bronx School of Law and Finance
  [182/457] International School for Liberal Arts
  [183/457] Bronx Collaborative High School
  [184/457] World View High School
  [185/457] In-Tech Academy
  [186/457] Knowledge and Power Preparatory Academy Internatio
  [187/457] High School for Teaching and the Professions
  [188/457] Belmont Preparatory High School
  [189/457] Fordham High School for the Arts
  [190/457] Fordham Leadership Academy
  [191/457] Bronx High School for Law and Community Service
  [192/457] DeWitt Clinton High School
  [193/457] Celia Cruz Bronx High School of Music, The
  [194/457] Bronx High School of Science, The
  [195/457] Marble Hill High School for International Studies
  [196/457] Crotona International High School
  [197/457] Bronx Theatre High School
  [198/457] Discovery High School
  [199/457] High School for Energy and Technology
  [200/457] High School of American Studies at Lehman College
  [201/457] Bronx Health Sciences High School
  [202/457] Bronx High School for Writing and Communication Ar
  [203/457] Bronx Lab School
  [204/457] Academy for Scholarship and Entrepreneurship: A Co
  [205/457] High School of Computers and Technology
  [206/457] Collegiate Institute for Math and Science
  [207/457] Bronx Academy of Health Careers
  [208/457] Astor Collegiate Academy
  [209/457] Bronx High School for the Visual Arts
  [210/457] Harry S Truman High School
  [211/457] Bronxdale High School
  [212/457] High School of Language and Innovation
  [213/457] New World High School
  [214/457] Bronxwood Preparatory Academy, The
  [215/457] Pelham Preparatory Academy
  [216/457] High School for Contemporary Arts
  [217/457] Bronx Aerospace High School
  [218/457] Mott Hall V
  [219/457] Metropolitan High School, The
  [220/457] Explorations Academy H.S.
  [221/457] Bronx Latin
  [222/457] East Bronx Academy for the Future
  [223/457] Pan American International High School at Monroe
  [224/457] Arturo A. Schomburg Satellite Academy Bronx
  [225/457] Cinema School, The
  [226/457] Bronx Career and College Preparatory High School
  [227/457] Bronx Envision Academy
  [228/457] Metropolitan Soundview High School, The
  [229/457] High School of World Cultures
  [230/457] Bard High School Early College Bronx
  [231/457] Fannie Lou Hamer Freedom High School
  [232/457] Wings Academy
  [233/457] Dr. Susan S. McKinney Secondary School of the Arts
  [234/457] Urban Assembly School for Music and Art
  [235/457] Brooklyn Community Arts & Media High School
  [236/457] Science Skills Center High School for Science, Tec
  [237/457] Brooklyn Technical High School
  [238/457] Brooklyn International High School
  [239/457] Urban Assembly School for Law and Justice, The
  [240/457] Urban Assembly Institute of Math and Science for Y
  [241/457] Brooklyn Academy High School
  [242/457] Gotham Professional Arts Academy
  [243/457] Bedford Academy High School
  [244/457] George Westinghouse Career and Technical Education
  [245/457] Brooklyn High School for Leadership and Community 
  [246/457] Benjamin Banneker Academy
  [247/457] City Polytechnic High School of Engineering, Archi
  [248/457] Design Works
  [249/457] Juan Morel Campos Secondary School
  [250/457] Brooklyn Latin School, The
  [251/457] Williamsburg High School of Art and Technology, Th
  [252/457] PROGRESS High School for Professional Careers
  [253/457] East Williamsburg Scholars Academy
  [254/457] High School for Enterprise, Business and Technolog
  [255/457] Brooklyn Preparatory High School
  [256/457] Williamsburg High School for Architecture and Desi
  [257/457] Williamsburg Preparatory School
  [258/457] Lyons Community School
  [259/457] A-TECH High School
  [260/457] Young Women's Leadership School of Brooklyn
  [261/457] El Puente Academy for Peace and Justice
  [262/457] Brooklyn Frontiers High School
  [263/457] Digital Arts and Cinema Technology High School
  [264/457] Brooklyn Collaborative Studies
  [265/457] John Jay School for Law
  [266/457] Cyberarts Studio Academy
  [267/457] Park Slope Collegiate
  [268/457] Boerum Hill School for International Studies, The
  [269/457] Cobble Hill School of American Studies
  [270/457] Khalil Gibran International Academy
  [271/457] Brooklyn High School of the Arts
  [272/457] Sunset Park High School
  [273/457] Millennium Brooklyn High School
  [274/457] Boys and Girls High School
  [275/457] Brooklyn High School for Law and Technology
  [276/457] Brooklyn Academy of Global Finance, The
  [277/457] Nelson Mandela High School
  [278/457] Pathways in Technology Early College High School
  [279/457] Academy for College Preparation and Career Explora
  [280/457] Academy of Hospitality and Tourism
  [281/457] International High School at Prospect Heights
  [282/457] High School for Global Citizenship, The
  [283/457] School for Human Rights, The
  [284/457] High School for Youth and Community Development at
  [285/457] High School for Service & Learning at Erasmus
  [286/457] Science, Technology and Research Early College Hig
  [287/457] High School for Public Service: Heroes of Tomorrow
  [288/457] Brooklyn Academy of Science and the Environment
  [289/457] Brooklyn School for Music & Theatre
  [290/457] Medgar Evers College Preparatory School
  [291/457] Clara Barton High School
  [292/457] Aspirations Diploma Plus High School
  [293/457] Brooklyn Institute for Liberal Arts
  [294/457] Academy for Health Careers
  [295/457] It Takes a Village Academy
  [296/457] Brooklyn Community High School for Excellence and 
  [297/457] Brooklyn Theatre Arts High School
  [298/457] Kurt Hahn Expeditionary Learning School
  [299/457] Victory Collegiate High School
  [300/457] High School for Innovation in Advertising and Medi
  [301/457] Cultural Academy for the Arts and Sciences
  [302/457] High School for Medical Professions
  [303/457] Olympus Academy
  [304/457] Academy for Conservation and the Environment
  [305/457] Urban Action Academy
  [306/457] Academy for Young Writers
  [307/457] East New York Family Academy
  [308/457] Spring Creek Community School
  [309/457] FDNY - Captain Vernon A. Richard High School for F
  [310/457] High School for Civil Rights
  [311/457] Performing Arts and Technology High School
  [312/457] World Academy for Total Community Health High Scho
  [313/457] Multicultural High School
  [314/457] Transit Tech Career and Technical Education High S
  [315/457] Academy of Innovative Technology
  [316/457] Brooklyn Lab School
  [317/457] Cypress Hills Collegiate Preparatory School
  [318/457] W. H. Maxwell Career and Technical Education High 
  [319/457] School for Classics High School
  [320/457] Urban Assembly School for Collaborative Healthcare
  [321/457] The East New York Arts and Civics High School
  [322/457] Bard High School Early College Brooklyn
  [323/457] New Utrecht High School
  [324/457] High School of Telecommunication Arts and Technolo
  [325/457] Fort Hamilton High School
  [326/457] Franklin Delano Roosevelt High School
  [327/457] Urban Assembly School for Leadership and Empowerme
  [328/457] International High School at Lafayette
  [329/457] Rachel Carson High School for Coastal Studies
  [330/457] High School of Sports Management
  [331/457] Abraham Lincoln High School
  [332/457] Kingsborough Early College School
  [333/457] Edward R. Murrow High School
  [334/457] John Dewey High School
  [335/457] Life Academy High School for Film and Music
  [336/457] Leaders High School
  [337/457] William E. Grady Career and Technical Education Hi
  [338/457] Brooklyn Studio Secondary School
  [339/457] Liberation Diploma Plus
  [340/457] Midwood High School
  [341/457] James Madison High School
  [342/457] Leon M. Goldstein High School for the Sciences
  [343/457] Brooklyn College Academy
  [344/457] Origins High School
  [345/457] Professional Pathways High School
  [346/457] Brooklyn Collegiate: A College Board School
  [347/457] Frederick Douglass Academy VII High School
  [348/457] Brooklyn Democracy Academy
  [349/457] Eagle Academy for Young Men II
  [350/457] Metropolitan Diploma Plus High School
  [351/457] Legacy Leadership High School
  [352/457] International High School for Health Sciences
  [353/457] Academy of Finance and Enterprise
  [354/457] High School of Applied Communication
  [355/457] Civic Leadership Academy
  [356/457] Pan American International High School
  [357/457] Bard High School Early College Queens
  [358/457] Newtown High School
  [359/457] Grover Cleveland High School
  [360/457] Middle College High School at LaGuardia Community 
  [361/457] International High School at LaGuardia Community C
  [362/457] High School for Arts and Business
  [363/457] Robert F. Wagner, Jr. Secondary School for Arts an
  [364/457] Maspeth High School
  [365/457] Queens Technical High School
  [366/457] Aviation Career & Technical Education High School
  [367/457] Queens International
  [368/457] Veritas Academy
  [369/457] Queens High School for Language Studies
  [370/457] Queens School of Inquiry, The
  [371/457] Flushing International High School
  [372/457] East-West School of International Studies
  [373/457] World Journalism Preparatory: A College Board Scho
  [374/457] John Bowne High School
  [375/457] Flushing High School
  [376/457] Townsend Harris High School
  [377/457] Queens Academy High School
  [378/457] Robert F. Kennedy Community High School
  [379/457] North Queens Community High School
  [380/457] Business Technology Early College High School
  [381/457] Benjamin N. Cardozo High School
  [382/457] Francis Lewis High School
  [383/457] Martin Van Buren High School
  [384/457] Bayside High School
  [385/457] Queens High School of Teaching, Liberal Arts and t
  [386/457] Frederick Douglass Academy VI High School
  [387/457] Channel View School for Research
  [388/457] Queens High School for Information, Research, and 
  [389/457] Robert H. Goddard High School of Communication Art
  [390/457] Academy of Medical Technology: A College Board Sch
  [391/457] Epic High School - South
  [392/457] Scholars' Academy
  [393/457] Rockaway Park High School for Environmental Sustai
  [394/457] Epic High School - North
  [395/457] Rockaway Collegiate High School
  [396/457] August Martin High School
  [397/457] Richmond Hill High School
  [398/457] John Adams High School
  [399/457] High School for Construction Trades, Engineering a
  [400/457] Metropolitan Expeditionary Learning School
  [401/457] York Early College Academy
  [402/457] Queens Collegiate: A College Board School
  [403/457] Hillside Arts & Letters Academy
  [404/457] High School for Community Leadership
  [405/457] Jamaica Gateway to the Sciences
  [406/457] Forest Hills High School
  [407/457] Hillcrest High School
  [408/457] Thomas A. Edison Career and Technical Education Hi
  [409/457] Queens Gateway to Health Sciences Secondary School
  [410/457] Queens Metropolitan High School
  [411/457] Queens High School for the Sciences at York Colleg
  [412/457] High School for Law Enforcement and Public Safety
  [413/457] Young Women's Leadership School, Queens
  [414/457] Institute for Health Professions at Cambria Height
  [415/457] Queens Preparatory Academy
  [416/457] Pathways College Preparatory School: A College Boa
  [417/457] Excelsior Preparatory High School
  [418/457] George Washington Carver High School for the Scien
  [419/457] Preparatory Academy for Writers: A College Board S
  [420/457] Benjamin Franklin High School for Finance & Inform
  [421/457] Cambria Heights Academy
  [422/457] Eagle Academy for Young Men III
  [423/457] HBCU Early College Prep
  [424/457] Mathematics, Science Research and Technology Magne
  [425/457] Health, Art, Robotics, and Technology High School
  [426/457] Energy Tech High School
  [427/457] Young Women's Leadership School, Astoria
  [428/457] Academy for Careers in Television and Film
  [429/457] The Motion Picture Technical High School
  [430/457] Gotham Tech.
  [431/457] William Cullen Bryant High School
  [432/457] Long Island City High School
  [433/457] Northwell School of Health Sciences
  [434/457] Frank Sinatra School of the Arts High School
  [435/457] Information Technology High School
  [436/457] ATLAS High School
  [437/457] Academy of American Studies
  [438/457] Baccalaureate School for Global Education
  [439/457] Eagle Academy for Young Men of Staten Island, The
  [440/457] CSI High School for International Studies
  [441/457] Gaynor McCown Expeditionary Learning School
  [442/457] Michael J. Petrides School, The
  [443/457] The Young Women's Leadership Academy on Staten Isl
  [444/457] New Dorp High School
  [445/457] Port Richmond High School
  [446/457] Curtis High School
  [447/457] Tottenville High School
  [448/457] Susan E. Wagner High School
  [449/457] Ralph R. McKee Career and Technical Education High
  [450/457] Staten Island Technical High School
  [451/457] Brooklyn School for Math and Research, The
  [452/457] Academy for Excellence in Leadership
  [453/457] EBC High School for Public Service - Bushwick
  [454/457] Brooklyn School for Social Justice, The
  [455/457] Academy of Urban Planning and Engineering, The
  [456/457] All City Leadership Secondary School
  [457/457] Bushwick Leaders High School for Academic Excellen

── Validation Report ─────────────────────────────
Total schools:          457
With admissions types:  406
SHSAT schools:          8
Audition schools:       23
Screened schools:       115
Open/EdOpt/Zoned:       318
Hidden gems:            15
Missing admissions:     51

By borough:
  Bronx: 115
  Brooklyn: 126
  Manhattan: 117
  Queens: 87
  Staten Island: 12
──────────────────────────────────────────────────

Done. Saved 457 schools to schools.json
Copy schools.json into your app's data/ directory.
